2026-10-08 01:40:16 tela conectada
2026-10-08 01:42:48 erro: [Errno 13] Access denied (insufficient permissions)
2026-10-08 01:42:48 tentando reconectar em 5s
2026-10-08 01:42:53 erro: [Errno 13] Access denied (insufficient permissions)
2026-10-08 01:42:53 tentando reconectar em 5s
2026-10-08 01:42:58 erro: [Errno 13] Access denied (insufficient permissions)
2026-10-08 01:42:58 tentando reconectar em 5s
2026-10-08 01:43:03 erro: [Errno 13] Access denied (insufficient permissions)
2026-10-08 01:43:03 tentando reconectar em 5s
2026-10-08 01:43:08 erro: [Errno 13] Access denied (insufficient permissions)
2026-10-08 01:43:08 tentando reconectar em 5s
2026-10-08 01:43:13 erro: [Errno 13] Access denied (insufficient permissions)
2026-10-08 01:43:13 tentando reconectar em 5s
2026-10-08 01:43:18 erro: [Errno 13] Access denied (insufficient permissions)
2026-10-08 01:43:18 tentando reconectar em 5s
2026-10-08 01:43:23 erro: [Errno 13] Access denied (insufficient permissions)
2026-10-08 01:43:23 tentando reconectar em 5s
2026-10-08 01:43:28 erro: [Errno 13] Access denied (insufficient permissions)
2026-10-08 01:43:28 tentando reconectar em 5s
2026-10-08 01:43:33 erro: [Errno 13] Access denied (insufficient permissions)
2026-10-08 01:43:33 tentando reconectar em 5s
2026-10-08 01:43:38 erro: [Errno 13] Access denied (insufficient permissions)
2026-10-08 01:43:38 tentando reconectar em 5s
2026-10-08 01:43:43 erro: [Errno 13] Access denied (insufficient permissions)
2026-10-08 01:43:43 tentando reconectar em 5s
2026-10-08 01:43:48 erro: [Errno 13] Access denied (insufficient permissions)
2026-10-08 01:43:48 tentando reconectar em 5s
2026-10-08 01:43:53 erro: [Errno 13] Access denied (insufficient permissions)
2026-10-08 01:43:53 tentando reconectar em 5s
2026-10-08 01:43:58 erro: [Errno 13] Access denied (insufficient permissions)
2026-10-08 01:43:58 tentando reconectar em 5s
2026-10-08 01:44:03 erro: [Errno 13] Access denied (insufficient permissions)
2026-10-08 01:44:03 tentando reconectar em 5s
2026-10-08 01:44:08 erro: [Errno 13] Access denied (insufficient permissions)
2026-10-08 01:44:08 tentando reconectar em 5s
2026-10-08 01:44:13 erro: [Errno 13] Access denied (insufficient permissions)
2026-10-08 01:44:13 tentando reconectar em 5s
2026-10-08 01:44:18 erro: [Errno 13] Access denied (insufficient permissions)
2026-10-08 01:44:18 tentando reconectar em 5s
2026-10-08 01:44:23 erro: [Errno 13] Access denied (insufficient permissions)
2026-10-08 01:44:23 tentando reconectar em 5s
2026-10-08 01:44:28 erro: [Errno 13] Access denied (insufficient permissions)
2026-10-08 01:44:28 tentando reconectar em 5s
2026-10-08 01:44:33 erro: [Errno 13] Access denied (insufficient permissions)
2026-10-08 01:44:33 tentando reconectar em 5s
2026-10-08 01:44:38 erro: [Errno 13] Access denied (insufficient permissions)
2026-10-08 01:44:38 tentando reconectar em 5s
2026-10-08 01:44:43 erro: [Errno 13] Access denied (insufficient permissions)
2026-10-08 01:44:43 tentando reconectar em 5s
2026-10-08 01:44:48 erro: [Errno 13] Access denied (insufficient permissions)
2026-10-08 01:44:48 tentando reconectar em 5s
2026-10-08 01:44:53 erro: [Errno 13] Access denied (insufficient permissions)
2026-10-08 01:44:53 tentando reconectar em 5s
2026-10-08 01:44:58 erro: [Errno 13] Access denied (insufficient permissions)
2026-10-08 01:44:58 tentando reconectar em 5s
2026-10-08 01:45:03 erro: [Errno 13] Access denied (insufficient permissions)
2026-10-08 01:45:03 tentando reconectar em 5s
2026-10-08 01:45:08 erro: [Errno 13] Access denied (insufficient permissions)
2026-10-08 01:45:08 tentando reconectar em 5s
2026-10-08 01:45:13 erro: [Errno 13] Access denied (insufficient permissions)
2026-10-08 01:45:13 tentando reconectar em 5s
2026-10-08 01:45:18 erro: [Errno 13] Access denied (insufficient permissions)
2026-10-08 01:45:18 tentando reconectar em 5s
2026-10-08 01:45:23 erro: [Errno 13] Access denied (insufficient permissions)
2026-10-08 01:45:23 tentando reconectar em 5s
2026-10-08 01:45:28 erro: [Errno 13] Access denied (insufficient permissions)
2026-10-08 01:45:28 tentando reconectar em 5s
2026-10-08 01:45:33 erro: [Errno 13] Access denied (insufficient permissions)
2026-10-08 01:45:33 tentando reconectar em 5s
2026-10-08 01:45:38 erro: [Errno 13] Access denied (insufficient permissions)
2026-10-08 01:45:38 tentando reconectar em 5s
2026-10-08 01:45:44 erro: [Errno 13] Access denied (insufficient permissions)
2026-10-08 01:45:44 tentando reconectar em 5s
2026-10-08 01:45:49 erro: [Errno 13] Access denied (insufficient permissions)
2026-10-08 01:45:49 tentando reconectar em 5s
2026-10-08 01:45:54 erro: [Errno 13] Access denied (insufficient permissions)
2026-10-08 01:45:54 tentando reconectar em 5s
2026-10-08 01:45:59 erro: [Errno 13] Access denied (insufficient permissions)
2026-10-08 01:45:59 tentando reconectar em 5s
2026-10-08 01:46:04 erro: [Errno 13] Access denied (insufficient permissions)
2026-10-08 01:46:04 tentando reconectar em 5s
2026-10-08 01:46:09 erro: [Errno 13] Access denied (insufficient permissions)
2026-10-08 01:46:09 tentando reconectar em 5s
2026-10-08 01:46:14 erro: [Errno 13] Access denied (insufficient permissions)
2026-10-08 01:46:14 tentando reconectar em 5s
2026-10-08 01:46:19 erro: [Errno 13] Access denied (insufficient permissions)
2026-10-08 01:46:19 tentando reconectar em 5s
2026-10-08 01:46:24 erro: [Errno 13] Access denied (insufficient permissions)
2026-10-08 01:46:24 tentando reconectar em 5s
2026-10-08 01:46:29 erro: [Errno 13] Access denied (insufficient permissions)
2026-10-08 01:46:29 tentando reconectar em 5s
2026-10-08 01:46:34 erro: [Errno 13] Access denied (insufficient permissions)
2026-10-08 01:46:34 tentando reconectar em 5s
2026-10-08 01:46:39 erro: [Errno 13] Access denied (insufficient permissions)
2026-10-08 01:46:39 tentando reconectar em 5s
2026-10-08 01:46:44 erro: [Errno 13] Access denied (insufficient permissions)
2026-10-08 01:46:44 tentando reconectar em 5s
2026-10-08 01:46:49 erro: [Errno 13] Access denied (insufficient permissions)
2026-10-08 01:46:49 tentando reconectar em 5s
2026-10-08 01:46:54 erro: [Errno 13] Access denied (insufficient permissions)
2026-10-08 01:46:54 tentando reconectar em 5s
2026-10-08 01:46:59 erro: [Errno 13] Access denied (insufficient permissions)
2026-10-08 01:46:59 tentando reconectar em 5s
2026-10-08 01:47:04 erro: [Errno 13] Access denied (insufficient permissions)
2026-10-08 01:47:04 tentando reconectar em 5s
2026-10-08 01:47:09 erro: [Errno 13] Access denied (insufficient permissions)
2026-10-08 01:47:09 tentando reconectar em 5s
2026-10-08 01:47:14 erro: [Errno 13] Access denied (insufficient permissions)
2026-10-08 01:47:14 tentando reconectar em 5s
2026-10-08 01:47:19 erro: [Errno 13] Access denied (insufficient permissions)
2026-10-08 01:47:19 tentando reconectar em 5s
2026-10-08 01:47:24 erro: [Errno 13] Access denied (insufficient permissions)
2026-10-08 01:47:24 tentando reconectar em 5s
2026-10-08 01:47:29 erro: [Errno 13] Access denied (insufficient permissions)
2026-10-08 01:47:29 tentando reconectar em 5s
2026-10-08 01:47:34 erro: [Errno 13] Access denied (insufficient permissions)
2026-10-08 01:47:34 tentando reconectar em 5s
2026-10-08 01:47:39 erro: [Errno 13] Access denied (insufficient permissions)
2026-10-08 01:47:39 tentando reconectar em 5s
2026-10-08 01:47:44 erro: [Errno 13] Access denied (insufficient permissions)
2026-10-08 01:47:44 tentando reconectar em 5s
2026-10-08 01:47:49 erro: [Errno 13] Access denied (insufficient permissions)
2026-10-08 01:47:49 tentando reconectar em 5s
2026-10-08 01:47:54 erro: [Errno 13] Access denied (insufficient permissions)
2026-10-08 01:47:54 tentando reconectar em 5s
2026-10-08 01:47:59 erro: [Errno 13] Access denied (insufficient permissions)
2026-10-08 01:47:59 tentando reconectar em 5s
2026-10-08 01:48:04 erro: [Errno 13] Access denied (insufficient permissions)
2026-10-08 01:48:04 tentando reconectar em 5s
2026-10-08 01:48:09 erro: [Errno 13] Access denied (insufficient permissions)
2026-10-08 01:48:09 tentando reconectar em 5s
2026-10-08 01:48:14 erro: [Errno 13] Access denied (insufficient permissions)
2026-10-08 01:48:14 tentando reconectar em 5s
2026-10-08 01:48:19 erro: [Errno 13] Access denied (insufficient permissions)
2026-10-08 01:48:19 tentando reconectar em 5s
2026-10-08 01:48:25 erro: [Errno 13] Access denied (insufficient permissions)
2026-10-08 01:48:25 tentando reconectar em 5s
2026-10-08 01:48:30 erro: [Errno 13] Access denied (insufficient permissions)
2026-10-08 01:48:30 tentando reconectar em 5s
2026-10-08 01:48:35 erro: [Errno 13] Access denied (insufficient permissions)
2026-10-08 01:48:35 tentando reconectar em 5s
2026-10-08 01:48:40 erro: [Errno 13] Access denied (insufficient permissions)
2026-10-08 01:48:40 tentando reconectar em 5s
2026-10-08 01:48:45 erro: [Errno 13] Access denied (insufficient permissions)
2026-10-08 01:48:45 tentando reconectar em 5s
2026-10-08 01:48:47 parado
2026-10-08 01:48:50 erro: [Errno 13] Access denied (insufficient permissions)
2026-10-08 01:48:50 tentando reconectar em 5s
2026-10-08 01:48:52 tela conectada
2026-10-08 01:48:55 erro: [Errno 13] Access denied (insufficient permissions)
2026-10-08 01:48:55 tentando reconectar em 5s
2026-10-08 01:49:00 erro: [Errno 13] Access denied (insufficient permissions)
2026-10-08 01:49:00 tentando reconectar em 5s
2026-10-08 01:49:03 parado
2026-10-08 01:49:05 erro: [Errno 13] Access denied (insufficient permissions)
2026-10-08 01:49:05 tentando reconectar em 5s
2026-10-08 01:49:07 tela conectada
2026-10-08 01:49:10 erro: [Errno 13] Access denied (insufficient permissions)
2026-10-08 01:49:10 tentando reconectar em 5s
2026-10-08 01:49:15 erro: [Errno 13] Access denied (insufficient permissions)
2026-10-08 01:49:15 tentando reconectar em 5s
2026-10-08 01:49:20 erro: [Errno 13] Access denied (insufficient permissions)
2026-10-08 01:49:20 tentando reconectar em 5s
2026-10-08 01:49:21 parado
2026-10-08 01:49:48 tela conectada
2026-10-08 01:50:07 parado
2026-10-08 01:50:11 tela conectada
2026-10-08 01:50:26 parado
2026-10-08 01:50:30 tela conectada
2026-10-08 01:54:07 parado
2026-10-08 01:54:12 tela conectada
2026-10-08 01:54:36 parado
2026-10-08 01:54:40 tela conectada
2026-10-08 01:55:10 parado
2026-10-08 01:55:15 tela conectada
2026-10-08 01:55:40 parado
2026-10-08 01:55:45 tela conectada
2026-10-08 01:56:52 parado
2026-10-08 01:56:55 tela conectada
2026-10-08 01:57:42 parado
2026-10-08 01:57:44 erro: Input file not found: video_tela.mp4
2026-10-08 01:57:44 tentando reconectar em 5s
2026-10-08 01:57:49 erro: Input file not found: video_tela.mp4
2026-10-08 01:57:49 tentando reconectar em 5s
2026-10-08 01:57:54 erro: Input file not found: video_tela.mp4
2026-10-08 01:57:54 tentando reconectar em 5s
2026-10-08 01:57:56 parado
2026-10-08 01:58:16 tela conectada
2026-10-08 02:00:29 parado
2026-10-08 02:01:04 tela conectada
2026-10-08 02:05:35 parado
2026-10-08 11:16:43 tela conectada
2026-10-08 11:28:46 parado
2026-10-08 11:28:50 tela conectada
2026-10-08 11:28:50 erro: name 'alarme' is not defined
2026-10-08 11:28:50 tentando reconectar em 5s
2026-10-08 11:28:58 tela conectada
2026-10-08 11:28:58 erro: name 'alarme' is not defined
2026-10-08 11:28:58 tentando reconectar em 5s
2026-10-08 11:29:02 parado
2026-10-08 11:29:32 tela conectada
2026-10-08 11:30:15 parado
2026-10-08 11:30:19 tela conectada
2026-10-08 11:31:14 parado
2026-10-08 11:31:29 tela conectada
2026-10-08 11:31:40 parado
2026-10-08 11:31:55 tela conectada
2026-10-08 11:32:33 erro: [Errno 22] Invalid argument: 'overlay.png'
2026-10-08 11:32:33 tentando reconectar em 5s
2026-10-08 11:32:41 tela conectada
2026-10-08 12:12:08 tela conectada
2026-10-08 12:38:50 tela conectada
